// Jest Snapshot v1, https://goo.gl/fbAQLP

exports[`<BirdHeader /> component test render unchanged from previous snapshot 1`] = `
<BirdHeader>
  <Menu
    borderless={true}
    className="centerHeader"
    fixed="top"
    inverted={true}
    style={
      Object {
        "backgroundColor": "#F3A712",
      }
    }
  >
    <div
      className="ui borderless inverted top fixed centerHeader menu"
      style={
        Object {
          "backgroundColor": "#F3A712",
        }
      }
    >
      <MenuItem>
        <div
          className="item"
          onClick={[Function]}
        >
          He Pokai Manu
        </div>
      </MenuItem>
    </div>
  </Menu>
</BirdHeader>
`;
