// Jest Snapshot v1, https://goo.gl/fbAQLP

exports[`<Perching /> component test render unchanged from previous snapshot 1`] = `
<Perching>
  <BirdHeader>
    <Menu
      borderless={true}
      className="centerHeader"
      fixed="top"
      inverted={true}
      style={
        Object {
          "backgroundColor": "#F3A712",
        }
      }
    >
      <div
        className="ui borderless inverted top fixed centerHeader menu"
        style={
          Object {
            "backgroundColor": "#F3A712",
          }
        }
      >
        <Container>
          <div
            className="ui container"
          >
            <MenuItem>
              <div
                className="item"
                onClick={[Function]}
              >
                He Pokai Manu
              </div>
            </MenuItem>
          </div>
        </Container>
      </div>
    </Menu>
  </BirdHeader>
  <BirdGrid>
    <Grid
      className="gridWrap"
      columns={2}
      doubling={true}
    >
      <div
        className="ui doubling two column grid gridWrap"
      >
        <BirdCircle>
          <div
            className="wrapperBirds"
          >
            <div
              className="birdContainer"
            >
              <div
                className="circleImage"
              >
                <img
                  className="circleImage"
                  src="images/tui.png"
                />
              </div>
              <div
                className="circleTitle"
              >
                Tui
              </div>
            </div>
          </div>
        </BirdCircle>
        <BirdCircle>
          <div
            className="wrapperBirds"
          >
            <div
              className="birdContainer"
            >
              <div
                className="circleImage"
              >
                <img
                  className="circleImage"
                  src="images/tui.png"
                />
              </div>
              <div
                className="circleTitle"
              >
                Tui
              </div>
            </div>
          </div>
        </BirdCircle>
        <BirdCircle>
          <div
            className="wrapperBirds"
          >
            <div
              className="birdContainer"
            >
              <div
                className="circleImage"
              >
                <img
                  className="circleImage"
                  src="images/tui.png"
                />
              </div>
              <div
                className="circleTitle"
              >
                Tui
              </div>
            </div>
          </div>
        </BirdCircle>
        <BirdCircle>
          <div
            className="wrapperBirds"
          >
            <div
              className="birdContainer"
            >
              <div
                className="circleImage"
              >
                <img
                  className="circleImage"
                  src="images/tui.png"
                />
              </div>
              <div
                className="circleTitle"
              >
                Tui
              </div>
            </div>
          </div>
        </BirdCircle>
        <BirdCircle>
          <div
            className="wrapperBirds"
          >
            <div
              className="birdContainer"
            >
              <div
                className="circleImage"
              >
                <img
                  className="circleImage"
                  src="images/tui.png"
                />
              </div>
              <div
                className="circleTitle"
              >
                Tui
              </div>
            </div>
          </div>
        </BirdCircle>
        <BirdCircle>
          <div
            className="wrapperBirds"
          >
            <div
              className="birdContainer"
            >
              <div
                className="circleImage"
              >
                <img
                  className="circleImage"
                  src="images/tui.png"
                />
              </div>
              <div
                className="circleTitle"
              >
                Tui
              </div>
            </div>
          </div>
        </BirdCircle>
        <BirdCircle>
          <div
            className="wrapperBirds"
          >
            <div
              className="birdContainer"
            >
              <div
                className="circleImage"
              >
                <img
                  className="circleImage"
                  src="images/tui.png"
                />
              </div>
              <div
                className="circleTitle"
              >
                Tui
              </div>
            </div>
          </div>
        </BirdCircle>
        <BirdCircle>
          <div
            className="wrapperBirds"
          >
            <div
              className="birdContainer"
            >
              <div
                className="circleImage"
              >
                <img
                  className="circleImage"
                  src="images/tui.png"
                />
              </div>
              <div
                className="circleTitle"
              >
                Tui
              </div>
            </div>
          </div>
        </BirdCircle>
        <BirdCircle>
          <div
            className="wrapperBirds"
          >
            <div
              className="birdContainer"
            >
              <div
                className="circleImage"
              >
                <img
                  className="circleImage"
                  src="images/tui.png"
                />
              </div>
              <div
                className="circleTitle"
              >
                Tui
              </div>
            </div>
          </div>
        </BirdCircle>
        <BirdCircle>
          <div
            className="wrapperBirds"
          >
            <div
              className="birdContainer"
            >
              <div
                className="circleImage"
              >
                <img
                  className="circleImage"
                  src="images/tui.png"
                />
              </div>
              <div
                className="circleTitle"
              >
                Tui
              </div>
            </div>
          </div>
        </BirdCircle>
      </div>
    </Grid>
  </BirdGrid>
  <MainFooter>
    <Menu
      fixed="bottom"
      inverted={true}
      style={
        Object {
          "backgroundColor": "#F3A712",
        }
      }
    >
      <div
        className="ui inverted bottom fixed menu"
        style={
          Object {
            "backgroundColor": "#F3A712",
          }
        }
      >
        <Container
          className="footer"
        >
          <div
            className="ui container footer"
          >
            <MenuItem>
              <div
                className="item"
                onClick={[Function]}
              >
                You have found 6 birds! Can you find them all?
              </div>
            </MenuItem>
          </div>
        </Container>
      </div>
    </Menu>
  </MainFooter>
</Perching>
`;
